
> viraasat@0.1.0 build
> next build

Γû▓ Next.js 16.1.6 (Turbopack)
- Environments: .env.local

  Creating an optimized production build ...
Γ£ô Compiled successfully in 15.5s
  Skipping validation of types
  Collecting page data using 3 workers ...
  Generating static pages using 3 workers (0/22) ...
node.exe : The width(-1) and height(-1) of chart 
should be greater than 0,
At C:\Program Files\nodejs\npm.ps1:29 char:3
+   & $NODE_EXE $NPM_CLI_JS $args
+   ~~~~~~~~~~~~~~~~~~~~~~~~~~~~~
    + CategoryInfo          : NotSpecified: (The wid 
   th(-1) a...greater than 0,:String) [], RemoteExc  
  eption
    + FullyQualifiedErrorId : NativeCommandError
 
       please check the style of container, or the 
props width(100%) and height(100%),
       or add a minWidth(0) or minHeight(undefined) 
or use aspect(undefined) to control the
       height and width.
  Generating static pages using 3 workers (5/22) 
  Generating static pages using 3 workers (10/22) 
  Generating static pages using 3 workers (16/22) 
Γ£ô Generating static pages using 3 workers (22/22) in 2.5s
  Finalizing page optimization ...

Route (app)
Γöî Γùï /
Γö£ Γùï /_not-found
Γö£ Γùï /about
Γö£ Γùï /admin
Γö£ ╞Æ /admin/analytics
Γö£ ╞Æ /admin/orders
Γö£ ╞Æ /admin/products
Γö£ ╞Æ /api/auth/[...nextauth]
Γö£ ╞Æ /api/auth/register
Γö£ ╞Æ /api/checkout/razorpay
Γö£ ╞Æ /api/checkout/verify
Γö£ Γùï /cart
Γö£ Γùï /checkout
Γö£ Γùï /checkout/receipt
Γö£ Γùï /checkout/success
Γö£ Γùï /login
Γö£ Γùï /men
Γö£ ╞Æ /profile
Γö£ Γùï /register
Γö£ Γùï /wishlist
Γöö Γùï /women


╞Æ Proxy (Middleware)

Γùï  (Static)   prerendered as static content
╞Æ  (Dynamic)  server-rendered on demand

